ESP-ROM:esp32s3-20210327
Build:Mar 27 2021
rst:0x15 (USB_UART_CHIP_RESET),boot:0x28 (SPI_FAST_FLASH_BOOT)
Saved PC:0x40378cab
SPIWP:0xee
mode:DIO, clock div:1
load:0x3fce2810,len:0x15a0
load:0x403c8700,len:0x4
load:0x403c8704,len:0xd24
load:0x403cb700,len:0x2f04
entry 0x403c8928
I (26) boot: ESP-IDF v5.4.1-426-g3ad36321ea 2nd stage bootloader
I (27) boot: compile time Apr 24 2025 15:55:11
I (27) boot: Multicore bootloader
I (28) boot: chip revision: v0.2
I (31) boot: efuse block revision: v1.3
I (35) boot.esp32s3: Boot SPI Speed : 80MHz
I (39) boot.esp32s3: SPI Mode       : DIO
I (42) boot.esp32s3: SPI Flash Size : 16MB
I (46) boot: Enabling RNG early entropy source...
I (51) boot: Partition Table:
I (53) boot: ## Label            Usage          Type ST Offset   Length
I (60) boot:  0 nvs              WiFi data        01 02 00009000 00006000
I (66) boot:  1 phy_init         RF data          01 01 0000f000 00001000
I (73) boot:  2 factory          factory app      00 00 00010000 00400000
I (79) boot:  3 www              Unknown data     01 82 00410000 00300000
I (86) boot:  4 ota_0            OTA app          00 10 00710000 00400000
I (92) boot:  5 ota_1            OTA app          00 11 00b10000 00400000
I (99) boot:  6 otadata          OTA data         01 00 00f10000 00002000
I (105) boot:  7 coredump         Unknown data     01 03 00f12000 00010000
I (112) boot: End of partition table
I (115) boot: Defaulting to factory image
I (119) esp_image: segment 0: paddr=00010020 vaddr=3c0d0020 size=333b4h (209844) map
I (163) esp_image: segment 1: paddr=000433dc vaddr=3fc95500 size=03dcch ( 15820) load
I (167) esp_image: segment 2: paddr=000471b0 vaddr=40374000 size=08e68h ( 36456) load
I (175) esp_image: segment 3: paddr=00050020 vaddr=42000020 size=c22cch (795340) map
I (316) esp_image: segment 4: paddr=001122f4 vaddr=4037ce68 size=085ech ( 34284) load
I (324) esp_image: segment 5: paddr=0011a8e8 vaddr=50000000 size=00020h (    32) load
I (331) boot: Loaded app from partition at offset 0x10000
I (331) boot: Disabling RNG early entropy source...
I (342) octal_psram: vendor id    : 0x0d (AP)
I (342) octal_psram: dev id       : 0x02 (generation 3)
I (342) octal_psram: density      : 0x03 (64 Mbit)
I (344) octal_psram: good-die     : 0x01 (Pass)
I (348) octal_psram: Latency      : 0x01 (Fixed)
I (353) octal_psram: VCC          : 0x01 (3V)
I (357) octal_psram: SRF          : 0x01 (Fast Refresh)
I (362) octal_psram: BurstType    : 0x01 (Hybrid Wrap)
I (366) octal_psram: BurstLen     : 0x01 (32 Byte)
I (371) octal_psram: Readlatency  : 0x02 (10 cycles@Fixed)
I (376) octal_psram: DriveStrength: 0x00 (1/1)
I (380) MSPI Timing: Enter psram timing tuning
I (385) esp_psram: Found 8MB PSRAM device
I (388) esp_psram: Speed: 80MHz
I (391) cpu_start: Multicore app
I (817) esp_psram: SPI SRAM memory test OK
I (825) cpu_start: GPIO 44 and 43 are used as console UART I/O pins
I (826) cpu_start: Pro cpu start user code
I (826) cpu_start: cpu freq: 160000000 Hz
I (828) app_init: Application information:
I (831) app_init: Project name:     libespidf
I (835) app_init: App version:      dc9266e-dirty
I (840) app_init: Compile time:     Jun 28 2026 15:45:05
I (845) app_init: ELF file SHA256:  000000000...
I (849) app_init: ESP-IDF:          v5.5.4
I (853) efuse_init: Min chip rev:     v0.0
I (857) efuse_init: Max chip rev:     v0.99 
I (861) efuse_init: Chip rev:         v0.2
I (865) heap_init: Initializing. RAM available for dynamic allocation:
I (871) heap_init: At 3FC9A390 len 0004F380 (316 KiB): RAM
I (876) heap_init: At 3FCE9710 len 00005724 (21 KiB): RAM
I (881) heap_init: At 3FCF0000 len 00008000 (32 KiB): DRAM
I (887) heap_init: At 600FE000 len 00001FE8 (7 KiB): RTCRAM
I (892) esp_psram: Adding pool of 8188K of PSRAM memory to heap allocator
I (899) spi_flash: detected chip: gd
I (902) spi_flash: flash io: dio
W (905) i2c: This driver is an old driver, please migrate your application code to adapt `driver/i2c_master.h`
I (915) sleep_gpio: Configure to isolate all GPIO pins in sleep state
I (921) sleep_gpio: Enable automatic switching of GPIO sleep configuration
I (928) main_task: Started on CPU0
I (938) esp_psram: Reserving pool of 32K of internal memory for DMA/internal allocations
I (938) main_task: Calling app_main()
I (938) bitaxe_firmware: bitaxe-rust boot: board=Ultra 205 asic=BM1366
I (968) bitaxe_firmware: safe_state: mining=disabled asic_work_submission=disabled hardware_control=disabled
I (988) bitaxe_firmware::display_adapter: display_status=startup_text_rendered model=SSD1306 size=128x32 address=0x3c
W (988) bitaxe_firmware::display_adapter: display_input_status=runtime_gap reason=hardware_evidence_pending startup_only=true
I (998) bitaxe_firmware::asic_adapter::status: asic_status=preflight_missing reason=hardware_evidence_ack_missing initialized=false mining=disabled work_submission=disabled
I (1008) bitaxe_firmware::boot_validation: ota_boot_validation=not_pending state=factory
I (1018) bitaxe_firmware::asic_adapter::status: mining_loop_status=blocked reason=hardware_evidence_ack_missing work_submission=disabled
I (1028) bitaxe_firmware::safety_adapter::watchdog: safety_supervisor=started thread=bitaxe-safety-supervisor cadence_ms=100
I (1038) bitaxe_firmware::safety_adapter::watchdog: safety_supervisor_step=yield reason=yield_interval_reached
I (1228) bitaxe_firmware::filesystem: spiffs_mount=available partition=www total_bytes=2884241 used_bytes=4518
I (1228) esp_idf_svc::http::server: Started Httpd server with config Configuration { http_port: 80, ctrl_port: 32768, https_port: 443, core: None, max_sessions: 16, session_timeout: 1200s, task_caps: 2052, stack_size: 8192, max_open_sockets: 7, max_uri_handlers: 32, max_resp_headers: 8, lru_purge_enable: true, uri_match_wildcard: true }
I (1268) esp_idf_svc::nvs: NvsDefault dropped
W (1268) bitaxe_firmware::http_api: axeos_settings_snapshot=startup_refresh_failed error=ESP_ERR_NVS_NOT_FOUND
I (1268) esp_idf_svc::http::server: Registered Httpd server handler Get for URI "/recovery"
I (1278) esp_idf_svc::http::server: Registered Httpd server handler Get for URI "/api/system/info"
I (1288) esp_idf_svc::http::server: Registered Httpd server handler Patch for URI "/api/system"
I (1298) esp_idf_svc::http::server: Registered Httpd server handler Get for URI "/api/system/logs"
I (1308) esp_idf_svc::http::server: Registered Httpd server handler Get for URI "/api/system/asic"
I (1318) esp_idf_svc::http::server: Registered Httpd server handler Get for URI "/api/system/statistics"
I (1328) esp_idf_svc::http::server: Registered Httpd server handler Get for URI "/api/system/scoreboard"
I (1328) esp_idf_svc::http::server: Registered Httpd server handler Post for URI "/api/system/pause"
I (1338) esp_idf_svc::http::server: Registered Httpd server handler Post for URI "/api/system/resume"
I (1348) esp_idf_svc::http::server: Registered Httpd server handler Post for URI "/api/system/restart"
I (1358) esp_idf_svc::http::server: Registered Httpd server handler Post for URI "/api/system/identify"
I (1368) esp_idf_svc::http::server: Registered Httpd server handler Post for URI "/api/system/blockFound/dismiss"
I (1378) esp_idf_svc::http::server: Registered Httpd server handler Post for URI "/api/system/OTA"
I (1388) esp_idf_svc::http::server: Registered Httpd server handler Post for URI "/api/system/OTAWWW"
I (1398) esp_idf_svc::http::server: Registered Httpd server handler Get for URI "/api/*"
I (1408) esp_idf_svc::http::server: Registered Httpd server handler Post for URI "/api/*"
I (1408) esp_idf_svc::http::server: Registered Httpd server handler Patch for URI "/api/*"
I (1418) esp_idf_svc::http::server: Registered Httpd server handler Get for URI "/*"
I (1428) bitaxe_firmware::http_api: axeos_api_route_shell=started manifest_routes=17 firmware_update_routes=1 otawww_gap_routes=1 recovery_routes=1 static_file_routes=1
I (1438) bitaxe_firmware: reset_reason=11
I (1448) bitaxe_firmware: partition=factory
I (1448) bitaxe_firmware: psram_status=available
I (1458) bitaxe_firmware: firmware_commit=b55d3e68b680
I (1458) bitaxe_firmware: reference_commit=c1915b0a63bfabebdb95a515cedfee05146c1d50
I (1468) bitaxe_firmware: esp_idf_version=v5.5.4
I (1468) bitaxe_firmware: rust_target=xtensa-esp32s3-espidf
I (1478) main_task: Returned from app_main()
