[2026-07-06T14:40:47Z INFO ] 🚀 A new version of espflash is available: v4.4.0
[2026-07-06T14:40:47Z INFO ] Serial port: '/dev/cu.usbmodem1101'
[2026-07-06T14:40:47Z INFO ] Connecting...
[2026-07-06T14:40:48Z INFO ] Using flash stub
ESP-ROM:esp32s3-20210327
Build:Mar 27 2021
rst:0x15 (USB_UART_CHIP_RESET),boot:0x28 (SPI_FAST_FLASH_BOOT)
Saved PC:0x40378d06
SPIWP:0xee
mode:DIO, clock div:1
load:0x3fce2810,len:0x15a0
load:0x403c8700,len:0x4
load:0x403c8704,len:0xd24
load:0x403cb700,len:0x2f04
entry 0x403c8928
I (26) boot: ESP-IDF v5.4.1-426-g3ad36321ea 2nd stage bootloader
I (27) boot: compile time Apr 24 2025 15:55:11
I (27) boot: Multicore bootloader
I (28) boot: chip revision: v0.2
I (31) boot: efuse block revision: v1.3
I (35) boot.esp32s3: Boot SPI Speed : 80MHz
I (39) boot.esp32s3: SPI Mode       : DIO
I (42) boot.esp32s3: SPI Flash Size : 16MB
I (46) boot: Enabling RNG early entropy source...
I (51) boot: Partition Table:
I (53) boot: ## Label            Usage          Type ST Offset   Length
I (60) boot:  0 nvs              WiFi data        01 02 00009000 00006000
I (66) boot:  1 phy_init         RF data          01 01 0000f000 00001000
I (73) boot:  2 factory          factory app      00 00 00010000 00400000
I (79) boot:  3 www              Unknown data     01 82 00410000 00300000
I (86) boot:  4 ota_0            OTA app          00 10 00710000 00400000
I (92) boot:  5 ota_1            OTA app          00 11 00b10000 00400000
I (99) boot:  6 otadata          OTA data         01 00 00f10000 00002000
I (105) boot:  7 coredump         Unknown data     01 03 00f12000 00010000
I (112) boot: End of partition table
I (115) boot: Defaulting to factory image
I (119) esp_image: segment 0: paddr=00010020 vaddr=3c140020 size=44cc4h (281796) map
I (176) esp_image: segment 1: paddr=00054cec vaddr=3fc9c300 size=05b64h ( 23396) load
I (181) esp_image: segment 2: paddr=0005a858 vaddr=40374000 size=057c0h ( 22464) load
I (187) esp_image: segment 3: paddr=00060020 vaddr=42000020 size=13d290h (1299088) map
I (417) esp_image: segment 4: paddr=0019d2b8 vaddr=403797c0 size=12ac4h ( 76484) load
I (433) esp_image: segment 5: paddr=001afd84 vaddr=50000000 size=00020h (    32) load
I (443) boot: Loaded app from partition at offset 0x10000
I (444) boot: Disabling RNG early entropy source...
