ESP-ROM:esp32s3-20210327
Build:Mar 27 2021
rst:0x15 (USB_UART_CHIP_RESET),boot:0x28 (SPI_FAST_FLASH_BOOT)
Saved PC:0x40378ca8
SPIWP:0xee
mode:DIO, clock div:1
load:0x3fce2810,len:0x15a0
load:0x403c8700,len:0x4
load:0x403c8704,len:0xd24
load:0x403cb700,len:0x2f04
entry 0x403c8928
I (26) boot: ESP-IDF v5.4.1-426-g3ad36321ea 2nd stage bootloader
I (27) boot: compile time Apr 24 2025 15:55:11
I (27) boot: Multicore bootloader
I (28) boot: chip revision: v0.2
I (31) boot: efuse block revision: v1.3
I (35) boot.esp32s3: Boot SPI Speed : 80MHz
I (39) boot.esp32s3: SPI Mode       : DIO
I (42) boot.esp32s3: SPI Flash Size : 16MB
I (46) boot: Enabling RNG early entropy source...
I (51) boot: Partition Table:
I (53) boot: ## Label            Usage          Type ST Offset   Length
I (60) boot:  0 nvs              WiFi data        01 02 00009000 00006000
I (66) boot:  1 phy_init         RF data          01 01 0000f000 00001000
I (73) boot:  2 factory          factory app      00 00 00010000 00400000
I (79) boot:  3 www              Unknown data     01 82 00410000 00300000
I (86) boot:  4 ota_0            OTA app          00 10 00710000 00400000
I (92) boot:  5 ota_1            OTA app          00 11 00b10000 00400000
I (99) boot:  6 otadata          OTA data         01 00 00f10000 00002000
I (105) boot:  7 coredump         Unknown data     01 03 00f12000 00010000
I (112) boot: End of partition table
I (115) boot: Defaulting to factory image
I (119) esp_image: segment 0: paddr=00010020 vaddr=3c120020 size=3f834h (260148) map
I (172) esp_image: segment 1: paddr=0004f85c vaddr=3fc9c300 size=007bch (  1980) load
I (173) esp_image: segment 2: paddr=00050020 vaddr=42000020 size=11cd08h (1166600) map
I (382) esp_image: segment 3: paddr=0016cd30 vaddr=3fc9cabc size=053a8h ( 21416) load
I (387) esp_image: segment 4: paddr=001720e0 vaddr=40374000 size=18284h ( 98948) load
I (408) esp_image: segment 5: paddr=0018a36c vaddr=50000000 size=00020h (    32) load
I (418) boot: Loaded app from partition at offset 0x10000
I (418) boot: Disabling RNG early entropy source...
I (429) octal_psram: vendor id    : 0x0d (AP)
I (429) octal_psram: dev id       : 0x02 (generation 3)
I (429) octal_psram: density      : 0x03 (64 Mbit)
I (431) octal_psram: good-die     : 0x01 (Pass)
I (435) octal_psram: Latency      : 0x01 (Fixed)
I (439) octal_psram: VCC          : 0x01 (3V)
I (444) octal_psram: SRF          : 0x01 (Fast Refresh)
I (448) octal_psram: BurstType    : 0x01 (Hybrid Wrap)
I (453) octal_psram: BurstLen     : 0x01 (32 Byte)
I (458) octal_psram: Readlatency  : 0x02 (10 cycles@Fixed)
I (463) octal_psram: DriveStrength: 0x00 (1/1)
I (467) MSPI Timing: Enter psram timing tuning
I (472) esp_psram: Found 8MB PSRAM device
I (475) esp_psram: Speed: 80MHz
I (478) cpu_start: Multicore app
I (904) esp_psram: SPI SRAM memory test OK
I (912) cpu_start: GPIO 44 and 43 are used as console UART I/O pins
I (913) cpu_start: Pro cpu start user code
I (913) cpu_start: cpu freq: 160000000 Hz
I (915) app_init: Application information:
I (918) app_init: Project name:     libespidf
I (923) app_init: App version:      dc9266e-dirty
I (927) app_init: Compile time:     Jun 28 2026 15:45:05
I (932) app_init: ELF file SHA256:  000000000...
I (936) app_init: ESP-IDF:          v5.5.4
I (940) efuse_init: Min chip rev:     v0.0
I (944) efuse_init: Max chip rev:     v0.99
I (948) efuse_init: Chip rev:         v0.2
I (952) heap_init: Initializing. RAM available for dynamic allocation:
I (958) heap_init: At 3FCA3170 len 000465A0 (281 KiB): RAM
I (963) heap_init: At 3FCE9710 len 00005724 (21 KiB): RAM
I (968) heap_init: At 3FCF0000 len 00008000 (32 KiB): DRAM
I (974) heap_init: At 600FE000 len 00001FE8 (7 KiB): RTCRAM
I (979) esp_psram: Adding pool of 8179K of PSRAM memory to heap allocator
I (986) spi_flash: detected chip: gd
I (989) spi_flash: flash io: dio
W (992) i2c: This driver is an old driver, please migrate your application code to adapt `driver/i2c_master.h`
I (1002) sleep_gpio: Configure to isolate all GPIO pins in sleep state
I (1008) sleep_gpio: Enable automatic switching of GPIO sleep configuration
I (1015) main_task: Started on CPU0
I (1025) esp_psram: Reserving pool of 32K of internal memory for DMA/internal allocations
I (1025) main_task: Calling app_main()
I (1025) bitaxe_firmware: bitaxe-rust boot: board=Ultra 205 asic=BM1366
I (1055) bitaxe_firmware: safe_state: mining=disabled asic_work_submission=disabled hardware_control=disabled
I (1065) esp_idf_svc::nvs: EspNvs dropped
I (1065) esp_idf_svc::nvs: NvsDefault dropped
I (1085) bitaxe_firmware::display_adapter: display_status=startup_text_rendered model=SSD1306 size=128x32 address=0x3c
W (1085) bitaxe_firmware::display_adapter: display_input_status=runtime_gap reason=hardware_evidence_pending startup_only=true
I (1095) bitaxe_firmware::asic_adapter::status: asic_status=preflight_missing reason=hardware_evidence_ack_missing initialized=false mining=disabled work_submission=disabled
I (1115) bitaxe_firmware::boot_validation: ota_boot_validation=not_pending state=factory
I (1125) bitaxe_firmware::asic_adapter::status: mining_loop_status=blocked reason=hardware_evidence_ack_missing work_submission=disabled
I (1135) bitaxe_firmware::safety_adapter::watchdog: safety_supervisor=started thread=bitaxe-safety-supervisor cadence_ms=100
I (1145) bitaxe_firmware::safety_adapter::watchdog: safety_supervisor_step=yield reason=yield_interval_reached
I (1165) pp: pp rom version: e7ae62f
I (1165) net80211: net80211 rom version: e7ae62f
I (1175) wifi:wifi driver task: 3fced500, prio:23, stack:6656, core=0
I (1175) wifi:wifi firmware version: 0947e8b
I (1175) wifi:wifi certification version: v7.0
I (1175) wifi:config NVS flash: disabled
I (1185) wifi:config nano formatting: disabled
I (1185) wifi:Init data frame dynamic rx buffer num: 32
I (1195) wifi:Init static rx mgmt buffer num: 5
I (1195) wifi:Init management short buffer num: 32
I (1195) wifi:Init static tx buffer num: 16
I (1205) wifi:Init tx cache buffer num: 32
I (1205) wifi:Init static tx FG buffer num: 2
I (1215) wifi:Init static rx buffer size: 1600
I (1215) wifi:Init static rx buffer num: 16
I (1215) wifi:Init dynamic rx buffer num: 32
I (1225) wifi_init: rx ba win: 16
I (1225) wifi_init: accept mbox: 6
I (1225) wifi_init: tcpip mbox: 32
I (1235) wifi_init: udp mbox: 6
I (1235) wifi_init: tcp mbox: 6
I (1235) wifi_init: tcp tx win: 5760
I (1245) wifi_init: tcp rx win: 5760
I (1245) wifi_init: tcp mss: 1440
I (1245) wifi_init: WiFi/LWIP prefer SPIRAM
I (1255) wifi_init: WiFi IRAM OP enabled
I (1255) wifi_init: WiFi RX IRAM OP enabled
I (1265) bitaxe_firmware::wifi_adapter: wifi_hostname_status=applied
I (1265) phy_init: phy_version 711,97bcf0a2,Aug 25 2025,19:04:10
W (1275) phy_init: failed to load RF calibration data (0x1102), falling back to full calibration
I (1315) phy_init: Saving new calibration data due to checksum failure or outdated calibration data, mode(2)
I (1325) wifi:mode : sta ([redacted-mac])
I (1335) wifi:enable tsf
I (3815) wifi:new:<11,0>, old:<1,0>, ap:<255,255>, sta:<11,0>, prof:1, snd_ch_cfg:0x0
I (3815) wifi:state: init -> auth (0xb0)
I (3925) wifi:state: auth -> assoc (0x0)
I (3955) wifi:state: assoc -> run (0x10)
I (4025) wifi:connected with [redacted-ssid], aid = 1, channel 11, BW20, bssid = [redacted-mac]
I (4025) wifi:security: WPA2-PSK, phy: bgn, rssi: -42, cipher(pairwise:0x3, group:0x3), pmf:0
I (4035) wifi:pm start, type: 1

I (4035) wifi:dp: 1, bi: 102400, li: 3, scale listen interval from 307200 us to 307200 us
I (4045) wifi:set rx beacon pti, rx_bcn_pti: 0, bcn_timeout: 25000, mt_pti: 0, mt_time: 10000
I (4075) wifi:dp: 2, bi: 102400, li: 4, scale listen interval from 307200 us to 409600 us
I (4075) wifi:AP's beacon interval = 102400 us, DTIM period = 2
I (4385) wifi:<ba-add>idx:0 (ifx:0, [redacted-mac]), tid:0, ssn:0, winSize:64
I (4555) wifi:<ba-add>idx:1 (ifx:0, [redacted-mac]), tid:6, ssn:2, winSize:64
I (5565) esp_netif_handlers: sta ip: [redacted-ip], mask: [redacted-ip], gw: [redacted-ip]
I (5565) bitaxe_firmware::wifi_adapter: wifi_status=connected ipv4=[redacted-ip] device_url=[redacted-url]
I (5745) bitaxe_firmware::filesystem: spiffs_mount=available partition=www total_bytes=2884241 used_bytes=4518
I (5745) esp_idf_svc::http::server: Started Httpd server with config Configuration { http_port: 80, ctrl_port: 32768, https_port: 443, core: None, max_sessions: 16, session_timeout: 1200s, task_caps: 2052, stack_size: 8192, max_open_sockets: 7, max_uri_handlers: 32, max_resp_headers: 8, lru_purge_enable: true, uri_match_wildcard: true }
I (5785) esp_idf_svc::nvs: EspNvs dropped
I (5785) esp_idf_svc::nvs: NvsDefault dropped
I (5785) esp_idf_svc::http::server: Registered Httpd server handler Get for URI "/recovery"
I (5785) esp_idf_svc::http::server: Registered Httpd server handler Get for URI "/api/system/info"
I (5795) esp_idf_svc::http::server: Registered Httpd server handler Patch for URI "/api/system"
I (5805) esp_idf_svc::http::server: Registered Httpd server handler Get for URI "/api/system/logs"
I (5815) esp_idf_svc::http::server: Registered Httpd server handler Get for URI "/api/system/asic"
I (5825) esp_idf_svc::http::server: Registered Httpd server handler Get for URI "/api/system/statistics"
I (5835) esp_idf_svc::http::server: Registered Httpd server handler Get for URI "/api/system/scoreboard"
I (5845) esp_idf_svc::http::server: Registered Httpd server handler Post for URI "/api/system/pause"
I (5855) esp_idf_svc::http::server: Registered Httpd server handler Post for URI "/api/system/resume"
I (5865) esp_idf_svc::http::server: Registered Httpd server handler Post for URI "/api/system/restart"
I (5865) esp_idf_svc::http::server: Registered Httpd server handler Post for URI "/api/system/identify"
I (5875) esp_idf_svc::http::server: Registered Httpd server handler Post for URI "/api/system/blockFound/dismiss"
I (5885) esp_idf_svc::http::server: Registered Httpd server handler Post for URI "/api/system/OTA"
I (5895) esp_idf_svc::http::server: Registered Httpd server handler Post for URI "/api/system/OTAWWW"
I (5905) esp_idf_svc::http::server: Registered Httpd server handler Get for URI "/api/*"
I (5915) esp_idf_svc::http::server: Registered Httpd server handler Post for URI "/api/*"
I (5925) esp_idf_svc::http::server: Registered Httpd server handler Patch for URI "/api/*"
I (5925) esp_idf_svc::http::server: Registered Httpd server handler Get for URI "/*"
I (5935) bitaxe_firmware::http_api: axeos_api_route_shell=started manifest_routes=17 firmware_update_routes=1 otawww_gap_routes=1 recovery_routes=1 static_file_routes=1
I (5955) bitaxe_firmware: reset_reason=11
I (5955) bitaxe_firmware: partition=factory
I (5955) bitaxe_firmware: psram_status=available
I (5965) bitaxe_firmware: firmware_commit=22d02f8e9792
I (5965) bitaxe_firmware: reference_commit=c1915b0a63bfabebdb95a515cedfee05146c1d50
I (5975) bitaxe_firmware: esp_idf_version=v5.5.4
I (5985) bitaxe_firmware: rust_target=xtensa-esp32s3-espidf
I (5985) main_task: Returned from app_main()
