ESP-ROM:esp32s3-20210327
Build:Mar 27 2021
rst:0x15 (USB_UART_CHIP_RESET),boot:0x28 (SPI_FAST_FLASH_BOOT)
Saved PC:0x40378cae
SPIWP:0xee
mode:DIO, clock div:2
load:0x3fce2810,len:0x15a0
load:0x403c8700,len:0x4
load:0x403c8704,len:0xd24
load:0x403cb700,len:0x2f04
entry 0x403c8928
I (27) boot: ESP-IDF v5.4.1-426-g3ad36321ea 2nd stage bootloader
I (27) boot: compile time Apr 24 2025 15:55:11
I (28) boot: Multicore bootloader
I (29) boot: chip revision: v0.2
I (32) boot: efuse block revision: v1.3
I (35) boot.esp32s3: Boot SPI Speed : 40MHz
I (39) boot.esp32s3: SPI Mode       : DIO
I (43) boot.esp32s3: SPI Flash Size : 16MB
I (47) boot: Enabling RNG early entropy source...
I (51) boot: Partition Table:
I (54) boot: ## Label            Usage          Type ST Offset   Length
I (60) boot:  0 nvs              WiFi data        01 02 00009000 00006000
I (67) boot:  1 phy_init         RF data          01 01 0000f000 00001000
I (73) boot:  2 factory          factory app      00 00 00010000 00fa0000
I (80) boot: End of partition table
I (83) esp_image: segment 0: paddr=00010020 vaddr=3c0d0020 size=32f84h (208772) map
I (142) esp_image: segment 1: paddr=00042fac vaddr=3fc95500 size=03dcch ( 15820) load
I (146) esp_image: segment 2: paddr=00046d80 vaddr=40374000 size=09298h ( 37528) load
I (158) esp_image: segment 3: paddr=00050020 vaddr=42000020 size=c06b4h (788148) map
I (351) esp_image: segment 4: paddr=001106dc vaddr=4037d298 size=081bch ( 33212) load
I (361) esp_image: segment 5: paddr=001188a0 vaddr=50000000 size=00020h (    32) load
I (368) boot: Loaded app from partition at offset 0x10000
I (369) boot: Disabling RNG early entropy source...
I (379) octal_psram: vendor id    : 0x0d (AP)
I (379) octal_psram: dev id       : 0x02 (generation 3)
I (380) octal_psram: density      : 0x03 (64 Mbit)
I (382) octal_psram: good-die     : 0x01 (Pass)
I (386) octal_psram: Latency      : 0x01 (Fixed)
I (390) octal_psram: VCC          : 0x01 (3V)
I (394) octal_psram: SRF          : 0x01 (Fast Refresh)
I (399) octal_psram: BurstType    : 0x01 (Hybrid Wrap)
I (404) octal_psram: BurstLen     : 0x01 (32 Byte)
I (409) octal_psram: Readlatency  : 0x02 (10 cycles@Fixed)
I (414) octal_psram: DriveStrength: 0x00 (1/1)
I (418) MSPI Timing: Enter psram timing tuning
I (423) esp_psram: Found 8MB PSRAM device
I (426) esp_psram: Speed: 80MHz
I (429) cpu_start: Multicore app
I (855) esp_psram: SPI SRAM memory test OK
I (863) cpu_start: GPIO 44 and 43 are used as console UART I/O pins
I (864) cpu_start: Pro cpu start user code
I (864) cpu_start: cpu freq: 160000000 Hz
I (865) app_init: Application information:
I (869) app_init: Project name:     libespidf
I (873) app_init: App version:      dc9266e-dirty
I (878) app_init: Compile time:     Jun 28 2026 15:45:05
I (883) app_init: ELF file SHA256:  000000000...
I (887) app_init: ESP-IDF:          v5.5.4
I (891) efuse_init: Min chip rev:     v0.0
I (895) efuse_init: Max chip rev:     v0.99 
I (899) efuse_init: Chip rev:         v0.2
I (902) heap_init: Initializing. RAM available for dynamic allocation:
I (909) heap_init: At 3FC9A390 len 0004F380 (316 KiB): RAM
I (914) heap_init: At 3FCE9710 len 00005724 (21 KiB): RAM
I (919) heap_init: At 3FCF0000 len 00008000 (32 KiB): DRAM
I (924) heap_init: At 600FE000 len 00001FE8 (7 KiB): RTCRAM
I (930) esp_psram: Adding pool of 8188K of PSRAM memory to heap allocator
I (937) spi_flash: detected chip: gd
I (939) spi_flash: flash io: dio
W (943) i2c: This driver is an old driver, please migrate your application code to adapt `driver/i2c_master.h`
I (952) sleep_gpio: Configure to isolate all GPIO pins in sleep state
I (958) sleep_gpio: Enable automatic switching of GPIO sleep configuration
I (965) main_task: Started on CPU0
I (975) esp_psram: Reserving pool of 32K of internal memory for DMA/internal allocations
I (975) main_task: Calling app_main()
I (975) bitaxe_firmware: bitaxe-rust boot: board=Ultra 205 asic=BM1366
I (1005) bitaxe_firmware: safe_state: mining=disabled asic_work_submission=disabled hardware_control=disabled
I (1025) bitaxe_firmware::display_adapter: display_status=startup_text_rendered model=SSD1306 size=128x32 address=0x3c
W (1025) bitaxe_firmware::display_adapter: display_input_status=runtime_gap reason=hardware_evidence_pending startup_only=true
I (1035) uart: queue free spaces: 10
I (1035) bitaxe_firmware::asic_adapter::status: asic_status=chip_detect_only initialized=false mining=disabled work_submission=disabled
W (1265) bitaxe_firmware::asic_adapter: asic_status=fail_closed reason=chip_detect_adapter_error error=partial BM1366 UART read: expected 11 bytes, read 9
I (1265) bitaxe_firmware::asic_adapter::reset: asic_status=hold_reset_low gpio=1
I (1275) bitaxe_firmware::asic_adapter::status: asic_status=fail_closed reason=chip_detect_adapter_error initialized=false mining=disabled work_submission=disabled
I (1285) bitaxe_firmware::boot_validation: ota_boot_validation=not_pending state=factory
I (1295) bitaxe_firmware::asic_adapter::status: mining_loop_status=blocked reason=hardware_evidence_ack_missing work_submission=disabled
I (1305) bitaxe_firmware::safety_adapter::watchdog: safety_supervisor=started thread=bitaxe-safety-supervisor cadence_ms=100
I (1315) bitaxe_firmware::safety_adapter::watchdog: safety_supervisor_step=yield reason=yield_interval_reached
E (1325) SPIFFS: spiffs partition could not be found
W (1335) bitaxe_firmware::filesystem: spiffs_mount=unavailable partition=www reason=partition_not_found esp_err=261 esp_err_name=ESP_ERR_NOT_FOUND
I (1345) esp_idf_svc::http::server: Started Httpd server with config Configuration { http_port: 80, ctrl_port: 32768, https_port: 443, core: None, max_sessions: 16, session_timeout: 1200s, task_caps: 2052, stack_size: 8192, max_open_sockets: 7, max_uri_handlers: 32, max_resp_headers: 8, lru_purge_enable: true, uri_match_wildcard: true }
I (1385) esp_idf_svc::nvs: NvsDefault dropped
W (1385) bitaxe_firmware::http_api: axeos_settings_snapshot=startup_refresh_failed error=ESP_ERR_NVS_NOT_FOUND
I (1385) esp_idf_svc::http::server: Registered Httpd server handler Get for URI "/recovery"
I (1395) esp_idf_svc::http::server: Registered Httpd server handler Get for URI "/api/system/info"
I (1405) esp_idf_svc::http::server: Registered Httpd server handler Patch for URI "/api/system"
I (1415) esp_idf_svc::http::server: Registered Httpd server handler Get for URI "/api/system/logs"
I (1425) esp_idf_svc::http::server: Registered Httpd server handler Get for URI "/api/system/asic"
I (1435) esp_idf_svc::http::server: Registered Httpd server handler Get for URI "/api/system/statistics"
I (1445) esp_idf_svc::http::server: Registered Httpd server handler Get for URI "/api/system/scoreboard"
I (1445) esp_idf_svc::http::server: Registered Httpd server handler Post for URI "/api/system/pause"
I (1455) esp_idf_svc::http::server: Registered Httpd server handler Post for URI "/api/system/resume"
I (1465) esp_idf_svc::http::server: Registered Httpd server handler Post for URI "/api/system/restart"
I (1475) esp_idf_svc::http::server: Registered Httpd server handler Post for URI "/api/system/identify"
I (1485) esp_idf_svc::http::server: Registered Httpd server handler Post for URI "/api/system/blockFound/dismiss"
I (1495) esp_idf_svc::http::server: Registered Httpd server handler Post for URI "/api/system/OTA"
I (1505) esp_idf_svc::http::server: Registered Httpd server handler Post for URI "/api/system/OTAWWW"
I (1515) esp_idf_svc::http::server: Registered Httpd server handler Get for URI "/api/*"
I (1525) esp_idf_svc::http::server: Registered Httpd server handler Post for URI "/api/*"
I (1525) esp_idf_svc::http::server: Registered Httpd server handler Patch for URI "/api/*"
W (1535) bitaxe_firmware::static_files: static_files=spiffs_unavailable recovery=available
I (1545) esp_idf_svc::http::server: Registered Httpd server handler Get for URI "/*"
I (1555) bitaxe_firmware::http_api: axeos_api_route_shell=started manifest_routes=17 firmware_update_routes=1 otawww_gap_routes=1 recovery_routes=1 static_file_routes=1
I (1565) bitaxe_firmware: reset_reason=11
I (1575) bitaxe_firmware: partition=factory
I (1575) bitaxe_firmware: psram_status=available
I (1575) bitaxe_firmware: firmware_commit=42bb1f7d4584
I (1585) bitaxe_firmware: reference_commit=c1915b0a63bfabebdb95a515cedfee05146c1d50
I (1595) bitaxe_firmware: esp_idf_version=v5.5.4
I (1595) bitaxe_firmware: rust_target=xtensa-esp32s3-espidf
I (1605) main_task: Returned from app_main()
